{"t": 1790452050.2, "event": "today", "day": "2026-09-22"}
{"t": 1790452056.5, "event": "reset", "tickers": 366}
{"t": 1790452088.9, "event": "airflow", "run_id": "lab__2026-09-22T09:35", "state": "success", "tasks": {"verdict": "success", "plan": "success", "collect": "success", "normalize": "success", "load": "success"}, "seconds": 32.4, "trigger_out": "       |                     | :00                | 00                  |          |                    |                     |          |            |        |"}
{"t": 1790452116.8, "event": "airflow", "run_id": "lab__2026-09-22T10:05", "state": "failed", "tasks": {"plan": "success", "collect": "success", "normalize": "failed", "load": "upstream_failed", "verdict": "failed"}, "seconds": 27.8, "trigger_out": "       |                     | :00                | 00                  |          |                    |                     |          |            |        |"}
{"t": 1790452116.8, "event": "airflow_clear", "slot": "2026-09-22T10:05:00+09:00", "cleared": ["load", "normalize", "verdict"]}
{"t": 1790452137.1, "event": "airflow_recovered", "run": "success", "tasks": {"plan": "success", "collect": "success", "normalize": "success", "load": "success", "verdict": "success"}}
{"t": 1790452202.3, "event": "airflow", "run_id": "lab__2026-09-22T11:25", "state": "success", "tasks": {"collect": "success", "normalize": "success", "load": "success", "verdict": "success", "plan": "success"}, "seconds": 65.0, "trigger_out": "       |                     | :00                | 00                  |          |                    |                     |          |            |        |"}
{"t": 1790452217.5, "event": "killed_task_process", "pids": ["808"]}
{"t": 1790452271.3, "event": "airflow", "run_id": "lab__2026-09-22T13:25", "state": "success", "tasks": {"collect": "success", "load": "success", "plan": "success", "verdict": "success", "normalize": "success"}, "seconds": 68.9, "trigger_out": "       |                     | :00                | 00                  |          |                    |                     |          |            |        |"}
{"t": 1790452303.4, "event": "airflow", "run_id": "lab__2026-09-22T14:35", "state": "success", "tasks": {"plan": "success", "collect": "success", "normalize": "success", "load": "success", "verdict": "success"}, "seconds": 32.1, "trigger_out": "       |                     | :00                | 00                  |          |                    |                     |          |            |        |"}
{"t": 1790452303.8, "event": "snapshot", "name": "airflow-day1", "db_rows": 1779, "calls": {"invocations": 5, "calls": 1779}}
{"t": 1790452303.8, "event": "airflow_clear", "slot": "2026-09-22T09:35:00+09:00", "cleared": ["collect", "load", "normalize", "plan", "verdict"]}
{"t": 1790452332.4, "event": "airflow_rerequest", "run": "success", "tasks": {"plan": "success", "load": "success", "verdict": "success", "collect": "success", "normalize": "success"}}
{"t": 1790452333.5, "event": "airflow_duplicate_trigger", "out": "   ] creating dag run               [airflow.serialization.definitions.dag] loc=dag.py:615 logical_date=DateTime(2026, 9, 22, 9, 35, 0, tzinfo=FixedTimezone(32400, name=\"+09:00\")) partition_key=None run_after=datetime.datetime(2026, 9, 26, 19, 52, 13, 291414, tzinfo=Timezone('UTC')) run_id=lab__dup\n"}
{"t": 1790452340.9, "event": "airflow", "run_id": "lab__s4_pastdate", "state": "failed", "tasks": {"plan": "failed", "collect": "upstream_failed", "normalize": "upstream_failed", "load": "upstream_failed", "verdict": "failed"}, "seconds": 7.4, "trigger_out": "        |                  | 00                  | 00                  |          |                     |                     |          |            |        |"}
{"t": 1790452368.8, "event": "airflow", "run_id": "lab__s4_reprocess", "state": "success", "tasks": {"plan": "success", "collect": "success", "normalize": "success", "load": "success", "verdict": "success"}, "seconds": 28.0, "trigger_out": "                   |                   |                    |                   |          |                   |              |          |            |        |"}
{"t": 1790452369.2, "event": "snapshot", "name": "airflow-day1-after", "db_rows": 1779, "calls": {"invocations": 5, "calls": 1779}}
{"t": 1790452379.7, "event": "today", "day": "2026-09-23"}
{"t": 1790452415.9, "event": "airflow", "run_id": "lab__2026-09-23T09:35", "state": "failed", "tasks": {"plan": "success", "collect": "failed", "normalize": "success", "load": "success", "verdict": "failed"}, "seconds": 36.1, "trigger_out": "       |                     | :00                | 00                  |          |                    |                     |          |            |        |"}
{"t": 1790452443.8, "event": "airflow_killed"}
{"t": 1790452472.6, "event": "airflow_restarted"}
{"t": 1790452511.7, "event": "airflow", "run_id": "lab__2026-09-23T10:05", "state": "success", "tasks": {"normalize": "success", "plan": "success", "collect": "success", "load": "success", "verdict": "success"}}
{"t": 1790452547.8, "event": "airflow", "run_id": "lab__2026-09-23T11:25", "state": "success", "tasks": {"normalize": "success", "load": "success", "verdict": "success", "plan": "success", "collect": "success"}, "seconds": 36.2, "trigger_out": "       |                     | :00                | 00                  |          |                    |                     |          |            |        |"}
{"t": 1790452580.1, "event": "airflow", "run_id": "lab__2026-09-23T13:25", "state": "success", "tasks": {"normalize": "success", "load": "success", "verdict": "success", "plan": "success", "collect": "success"}, "seconds": 32.2, "trigger_out": "       |                     | :00                | 00                  |          |                    |                     |          |            |        |"}
{"t": 1790452612.2, "event": "airflow", "run_id": "lab__2026-09-23T14:35", "state": "success", "tasks": {"plan": "success", "collect": "success", "normalize": "success", "load": "success", "verdict": "success"}, "seconds": 32.1, "trigger_out": "       |                     | :00                | 00                  |          |                    |                     |          |            |        |"}
{"t": 1790452612.6, "event": "snapshot", "name": "airflow-final", "db_rows": 3518, "calls": {"invocations": 9, "calls": 3206}}
{"t": 1790452613.1, "event": "legacy", "slot": "2026-09-23T13:25:00+09:00", "plan_exit": 1, "sfn": null, "seconds": 0.5}
{"t": 1790452618.2, "event": "reconcile", "exits": {"investor-intraday:2026-09-22T09:35": 0, "investor-intraday:2026-09-22T10:05": 0, "investor-intraday:2026-09-22T11:25": 0, "investor-intraday:2026-09-22T13:25": 0, "investor-intraday:2026-09-22T14:35": 0, "investor-intraday:2026-09-23T09:35": 0, "investor-intraday:2026-09-23T10:05": 0, "investor-intraday:2026-09-23T11:25": 0, "investor-intraday:2026-09-23T13:25": 0, "investor-intraday:2026-09-23T14:35": 0}}
{"t": 1790452618.6, "event": "snapshot", "name": "airflow-s8", "db_rows": 3518, "calls": {"invocations": 9, "calls": 3206}}
