{"t": 1790452651.7, "event": "reset", "tickers": 366}
{"t": 1790452653.8, "event": "legacy", "slot": "2026-09-22T09:35:00+09:00", "plan_exit": 0, "sfn": "SUCCEEDED", "seconds": 2.1}
{"t": 1790452655.5, "event": "legacy", "slot": "2026-09-22T10:05:00+09:00", "plan_exit": 0, "sfn": "FAILED", "seconds": 1.5}
{"t": 1790452656.0, "event": "legacy_manual", "command": "normalize-investor-estimate", "exit": 0}
{"t": 1790452656.5, "event": "legacy_manual", "command": "load-investor-intraday", "exit": 0}
{"t": 1790452658.2, "event": "legacy", "slot": "2026-09-22T11:25:00+09:00", "plan_exit": 0, "sfn": "FAILED", "seconds": 1.5}
{"t": 1790452660.7, "event": "legacy", "slot": "2026-09-22T13:25:00+09:00", "plan_exit": 0, "sfn": "SUCCEEDED", "seconds": 2.6}
{"t": 1790452663.2, "event": "legacy", "slot": "2026-09-22T14:35:00+09:00", "plan_exit": 0, "sfn": "SUCCEEDED", "seconds": 2.5}
{"t": 1790452663.7, "event": "snapshot", "name": "legacy-day1", "db_rows": 1779, "calls": {"invocations": 4, "calls": 1418}}
{"t": 1790452664.2, "event": "legacy", "slot": "2026-09-22T09:35:00+09:00", "plan_exit": 0, "sfn": "SUCCEEDED", "seconds": 0.5}
{"t": 1790452664.7, "event": "legacy_manual", "command": "normalize-investor-estimate", "exit": 0}
{"t": 1790452665.2, "event": "legacy_manual", "command": "load-investor-intraday", "exit": 0}
{"t": 1790452665.6, "event": "snapshot", "name": "legacy-day1-after", "db_rows": 1779, "calls": {"invocations": 4, "calls": 1418}}
{"t": 1790452667.8, "event": "legacy", "slot": "2026-09-23T09:35:00+09:00", "plan_exit": 0, "sfn": "FAILED", "seconds": 2.1}
{"t": 1790452669.8, "event": "legacy", "slot": "2026-09-23T10:05:00+09:00", "plan_exit": 0, "sfn": "SUCCEEDED", "seconds": 2.0}
{"t": 1790452672.3, "event": "legacy", "slot": "2026-09-23T11:25:00+09:00", "plan_exit": 0, "sfn": "SUCCEEDED", "seconds": 2.5}
{"t": 1790452674.9, "event": "legacy", "slot": "2026-09-23T13:25:00+09:00", "plan_exit": 0, "sfn": "SUCCEEDED", "seconds": 2.5}
{"t": 1790452677.4, "event": "legacy", "slot": "2026-09-23T14:35:00+09:00", "plan_exit": 0, "sfn": "SUCCEEDED", "seconds": 2.5}
{"t": 1790452677.9, "event": "snapshot", "name": "legacy-final", "db_rows": 3518, "calls": {"invocations": 8, "calls": 2845}}
{"t": 1790452681.8, "event": "today", "day": "2026-09-23"}
{"t": 1790452697.4, "event": "airflow", "run_id": "lab__s8a", "state": "failed", "tasks": {"plan": "failed", "collect": "upstream_failed", "normalize": "upstream_failed", "load": "upstream_failed", "verdict": "failed"}, "seconds": 15.6, "trigger_out": "         |            | 0                    | 0                    |          |                      |                       |          |            |        |"}
{"t": 1790452697.8, "event": "snapshot", "name": "legacy-s8", "db_rows": 3518, "calls": {"invocations": 8, "calls": 2845}}
